<html><head><title>Fit Summary</title>
<link rel='stylesheet' type='text/css' href='fit.css'>
</head><body>
<table class='summary'>
<tr>
<th>Test</th>
<th>Right</th>
<th>Wrong</th>
<th>Ignored</th>
<th>Exceptions</th>
<th>Sum</th>
</tr>
<tr>
<td class='total'>Total (4 tests)</td>
<td class='right'>339</td>
<td class='wrong'>10</td>
<td class='none'>0</td>
<td class='exceptions'>1</td>
<td class='sum'>350</td>
</tr>
<tr>
<td><a href='MusicExample.html'>MusicExample.html</a></td>
<td class='right'>95</td>
<td class='none'>0</td>
<td class='none'>0</td>
<td class='none'>0</td>
<td class='sum'>95</td>
</tr>
<tr>
<td><a href='MusicExampleWithErrors.html'>MusicExampleWithErrors.html</a></td>
<td class='right'>95</td>
<td class='none'>0</td>
<td class='none'>0</td>
<td class='exceptions'>1</td>
<td class='sum'>96</td>
</tr>
<tr>
<td><a href='MusicExampleWithFailures.html'>MusicExampleWithFailures.html</a></td>
<td class='right'>54</td>
<td class='wrong'>10</td>
<td class='none'>0</td>
<td class='none'>0</td>
<td class='sum'>64</td>
</tr>
<tr>
<td><a href='subdir/MusicExample.html'>subdir/MusicExample.html</a></td>
<td class='right'>95</td>
<td class='none'>0</td>
<td class='none'>0</td>
<td class='none'>0</td>
<td class='sum'>95</td>
</tr>
</table>
</body></html>
